******************************************************************************
                  MSP430 Linker PC v4.0.0                      
******************************************************************************
>> Linked Sat Mar 31 15:09:40 2012

OUTPUT FILE NAME:   <GPS Tracker.out>
ENTRY POINT SYMBOL: "_c_int00"  address: 00003184


MEMORY CONFIGURATION

         name            origin    length      used     unused   attr    fill
----------------------  --------  ---------  --------  --------  ----  --------
  SFR                   00000000   00000010  00000000  00000010  RWIX
  PERIPHERALS_8BIT      00000010   000000f0  00000000  000000f0  RWIX
  PERIPHERALS_16BIT     00000100   00000100  00000000  00000100  RWIX
  INFOD                 00001000   00000040  00000000  00000040  RWIX
  INFOC                 00001040   00000040  00000000  00000040  RWIX
  INFOB                 00001080   00000040  00000000  00000040  RWIX
  INFOA                 000010c0   00000040  00000000  00000040  RWIX
  RAM                   00001100   00002000  00000964  0000169c  RWIX
  FLASH                 00003100   0000cebe  0000308a  00009e34  RWIX
  INT00                 0000ffc0   00000002  00000000  00000002  RWIX
  INT01                 0000ffc2   00000002  00000000  00000002  RWIX
  INT02                 0000ffc4   00000002  00000000  00000002  RWIX
  INT03                 0000ffc6   00000002  00000000  00000002  RWIX
  INT04                 0000ffc8   00000002  00000000  00000002  RWIX
  INT05                 0000ffca   00000002  00000000  00000002  RWIX
  INT06                 0000ffcc   00000002  00000000  00000002  RWIX
  INT07                 0000ffce   00000002  00000000  00000002  RWIX
  INT08                 0000ffd0   00000002  00000000  00000002  RWIX
  INT09                 0000ffd2   00000002  00000000  00000002  RWIX
  INT10                 0000ffd4   00000002  00000000  00000002  RWIX
  INT11                 0000ffd6   00000002  00000000  00000002  RWIX
  INT12                 0000ffd8   00000002  00000000  00000002  RWIX
  INT13                 0000ffda   00000002  00000000  00000002  RWIX
  INT14                 0000ffdc   00000002  00000000  00000002  RWIX
  INT15                 0000ffde   00000002  00000000  00000002  RWIX
  INT16                 0000ffe0   00000002  00000002  00000000  RWIX
  INT17                 0000ffe2   00000002  00000002  00000000  RWIX
  INT18                 0000ffe4   00000002  00000002  00000000  RWIX
  INT19                 0000ffe6   00000002  00000000  00000002  RWIX
  INT20                 0000ffe8   00000002  00000000  00000002  RWIX
  INT21                 0000ffea   00000002  00000000  00000002  RWIX
  INT22                 0000ffec   00000002  00000000  00000002  RWIX
  INT23                 0000ffee   00000002  00000000  00000002  RWIX
  INT24                 0000fff0   00000002  00000000  00000002  RWIX
  INT25                 0000fff2   00000002  00000000  00000002  RWIX
  INT26                 0000fff4   00000002  00000000  00000002  RWIX
  INT27                 0000fff6   00000002  00000000  00000002  RWIX
  INT28                 0000fff8   00000002  00000000  00000002  RWIX
  INT29                 0000fffa   00000002  00000000  00000002  RWIX
  INT30                 0000fffc   00000002  00000000  00000002  RWIX
  RESET                 0000fffe   00000002  00000002  00000000  RWIX
  FLASH2                00010000   00010000  00000000  00010000  RWIX


SECTION ALLOCATION MAP

 output                                  attributes/
section   page    origin      length       input sections
--------  ----  ----------  ----------   ----------------
.pinit     0    00003100    00000000     UNINITIALIZED

.bss       0    00001100    00000914     UNINITIALIZED
                  00001100    00000558     main.obj (.bss)
                  00001658    00000201     mmc.obj (.bss)
                  00001859    00000001     --HOLE--
                  0000185a    0000018b     uart.obj (.bss)
                  000019e5    00000001     --HOLE--
                  000019e6    00000018     diskio.obj (.bss)
                  000019fe    00000008     rts430x.lib : _lock.obj (.bss)
                  00001a06    00000008                 : boot.obj (.bss)
                  00001a0e    00000004     ff.obj (.bss)
                  00001a12    00000002     gps.obj (.bss)

.stack     0    000030b0    00000050     UNINITIALIZED
                  000030b0    00000002     rts430x.lib : boot.obj (.stack)
                  000030b2    0000004e     --HOLE--

.text:_isr 
*          0    00003100    000000bc     
                  00003100    0000004c     uart.obj (.text:_isr:uartRxISR)
                  0000314c    00000038     uart.obj (.text:_isr:uartTxISR)
                  00003184    0000002a     rts430x.lib : boot.obj (.text:_isr:_c_int00_noexit)
                  000031ae    0000000e     main.obj (.text:_isr:ButtonISR)

.cinit     0    000031bc    00000058     
                  000031bc    00000030     diskio.obj (.cinit)
                  000031ec    00000014     main.obj (.cinit)
                  00003200    0000000b     mmc.obj (.cinit)
                  0000320b    00000001     --HOLE-- [fill = 0]
                  0000320c    00000006     gps.obj (.cinit)
                  00003212    00000002     --HOLE-- [fill = 0]

.text      0    00003214    00002c06     
                  00003214    000004b6     ff.obj (.text:chk_mounted)
                  000036ca    0000028a     ff.obj (.text:f_write)
                  00003954    00000218     ff.obj (.text:f_open)
                  00003b6c    000001c4     main.obj (.text:main)
                  00003d30    0000019e     gps.obj (.text:parse_coord)
                  00003ece    0000017e     ff.obj (.text:put_fat)
                  0000404c    00000176     ff.obj (.text:dir_next)
                  000041c2    00000138     gps.obj (.text:parse_line)
                  000042fa    00000132     ff.obj (.text:get_fat)
                  0000442c    00000130     rts430x.lib : fs_add.obj (.text)
                  0000455c    00000120     ff.obj (.text:create_chain)
                  0000467c    00000120     ff.obj (.text:create_name)
                  0000479c    0000010a     rts430x.lib : _printfi_min.obj (.text:_setfield)
                  000048a6    000000f8     ff.obj (.text:dir_sdi)
                  0000499e    000000f0     ff.obj (.text:sync)
                  00004a8e    000000de     ff.obj (.text:f_sync)
                  00004b6c    000000c0     rts430x.lib : _printfi_min.obj (.text:_printfi_minimal)
                  00004c2c    000000be     ff.obj (.text:move_window)
                  00004cea    000000b6     rts430x.lib : fs_mpy.obj (.text)
                  00004da0    000000b4     gps.obj (.text:parse_date)
                  00004e54    000000ac     gps.obj (.text:parse_time)
                  00004f00    000000aa     ff.obj (.text:follow_path)
                  00004faa    0000009c     ff.obj (.text:remove_chain)
                  00005046    00000094     ff.obj (.text:check_fs)
                  000050da    0000008e     rts430x.lib : fs_div.obj (.text)
                  00005168    00000084     ff.obj (.text:dir_register)
                  000051ec    00000082     gps.obj (.text:gps_init)
                  0000526e    0000007e     mmc.obj (.text:mmcWriteBlock)
                  000052ec    0000007c     mmc.obj (.text:mmcReadBlock)
                  00005368    0000006e     diskio.obj (.text:update_fattime)
                  000053d6    00000066     uart.obj (.text:uart_send)
                  0000543c    00000060     mmc.obj (.text:mmcGoIdle)
                  0000549c    0000005a     ff.obj (.text:dir_find)
                  000054f6    00000058     mmc.obj (.text:mmcCheckBusy)
                  0000554e    00000058     rts430x.lib : div32u.obj (.text)
                  000055a6    00000058     uart.obj (.text:uart_read)
                  000055fe    00000052     rts430x.lib : _printfi_min.obj (.text:_ltostr)
                  00005650    00000052     diskio.obj (.text:get_fattime)
                  000056a2    00000052     uart.obj (.text:uart_init)
                  000056f4    0000004c     diskio.obj (.text:disk_write)
                  00005740    0000004c     mmc.obj (.text:mmcSendCmd)
                  0000578c    00000048     mmc.obj (.text:mmcSetBlockLength)
                  000057d4    00000046     rts430x.lib : autoinit.obj (.text:_auto_init)
                  0000581a    00000046     diskio.obj (.text:disk_read)
                  00005860    00000040     rts430x.lib : _printfi_min.obj (.text:_pproc_str)
                  000058a0    0000003e     ff.obj (.text:clust2sect)
                  000058de    0000003e     rts430x.lib : lsl32.obj (.text:l_lsl_const)
                  0000591c    0000003e                 : lsr32.obj (.text:l_lsr_const)
                  0000595a    0000003a     main.obj (.text:clocks_setup)
                  00005994    00000038     rts430x.lib : sprintf.obj (.text:sprintf)
                  000059cc    00000036                 : fs_itof.obj (.text)
                  00005a02    00000032     timer.obj (.text:wait)
                  00005a34    00000030     rts430x.lib : mult32_hw.obj (.text)
                  00005a64    00000030     sd_spi.obj (.text:sd_spi_init)
                  00005a94    0000002e     rts430x.lib : _printfi_min.obj (.text:_getarg_diouxp)
                  00005ac2    0000002e     ff.obj (.text:f_mount)
                  00005af0    0000002c     rts430x.lib : _printfi_min.obj (.text:_pproc_diouxp)
                  00005b1c    0000002c     sd_spi.obj (.text:sd_spi_write)
                  00005b48    0000002c     ff.obj (.text:validate)
                  00005b74    0000002a     sd_spi.obj (.text:sd_spi_read)
                  00005b9e    0000002a     main.obj (.text:spool_coords)
                  00005bc8    00000028     rts430x.lib : memccpy.obj (.text:memccpy)
                  00005bf0    00000026     mmc.obj (.text:mmcGetResponse)
                  00005c16    00000026     mmc.obj (.text:mmcInit)
                  00005c3c    00000024     mmc.obj (.text:mmcGetXXResponse)
                  00005c60    0000001a     rts430x.lib : _printfi_min.obj (.text:_div)
                  00005c7a    0000001a     main.obj (.text:record_button_init)
                  00005c94    00000018     rts430x.lib : sprintf.obj (.text:_outs)
                  00005cac    00000018     diskio.obj (.text:disk_initialize)
                  00005cc4    00000016     rts430x.lib : div16u.obj (.text)
                  00005cda    00000016                 : mult16_hw.obj (.text)
                  00005cf0    00000016     sd_spi.obj (.text:sd_spi_write_byte)
                  00005d06    00000014     ff.obj (.text:chk_chr)
                  00005d1a    00000014     ff.obj (.text:f_close)
                  00005d2e    00000014     main.obj (.text:hw_setup)
                  00005d42    00000014     ff.obj (.text:mem_cmp)
                  00005d56    00000014     rts430x.lib : memset.obj (.text:memset)
                  00005d6a    00000012                 : sprintf.obj (.text:_outc)
                  00005d7c    00000012                 : memcpy.obj (.text:memcpy)
                  00005d8e    00000012                 : strlen.obj (.text:strlen)
                  00005da0    00000012     uart.obj (.text:uart_send_available)
                  00005db2    00000010     rts430x.lib : lsr32.obj (.text:l_lsr)
                  00005dc2    00000010     ff.obj (.text:mem_cpy)
                  00005dd2    00000010     ff.obj (.text:mem_set)
                  00005de2    0000000e     diskio.obj (.text:sd_hw_init)
                  00005df0    0000000a     main.obj (.text:led_setup)
                  00005dfa    00000008     uart.obj (.text:uart_enable)
                  00005e02    00000006     uart.obj (.text:uart_is_tx_clear)
                  00005e08    00000004     rts430x.lib : pre_init.obj (.text:_system_pre_init)
                  00005e0c    00000004                 : exit.obj (.text:abort)
                  00005e10    00000004     diskio.obj (.text:disk_ioctl)
                  00005e14    00000004     diskio.obj (.text:disk_status)
                  00005e18    00000002     rts430x.lib : _lock.obj (.text:_nop)

.const     0    00005e1a    00000370     
                  00005e1a    000001dc     main.obj (.const:.string)
                  00005ff6    000000b4     gps.obj (.const:gpsInitStrs)
                  000060aa    00000080     ff.obj (.const:excvt$1)
                  0000612a    00000044     ff.obj (.const:.string)
                  0000616e    00000014     rts430x.lib : _printfi_min.obj (.const:.string)
                  00006182    00000008     gps.obj (.const:.string)

.int16     0    0000ffe0    00000002     
                  0000ffe0    00000002     uart.obj (.int16)

.int17     0    0000ffe2    00000002     
                  0000ffe2    00000002     uart.obj (.int17)

.int18     0    0000ffe4    00000002     
                  0000ffe4    00000002     main.obj (.int18)

.reset     0    0000fffe    00000002     
                  0000fffe    00000002     rts430x.lib : boot.obj (.reset)


GLOBAL SYMBOLS: SORTED ALPHABETICALLY BY Name 

address    name
--------   ----
00001100   .bss
ffffffff   .text
000001a0   ADC12CTL0
000001a2   ADC12CTL1
000001a6   ADC12IE
000001a4   ADC12IFG
000001a8   ADC12IV
00000080   ADC12MCTL0
00000081   ADC12MCTL1
0000008a   ADC12MCTL10
0000008b   ADC12MCTL11
0000008c   ADC12MCTL12
0000008d   ADC12MCTL13
0000008e   ADC12MCTL14
0000008f   ADC12MCTL15
00000082   ADC12MCTL2
00000083   ADC12MCTL3
00000084   ADC12MCTL4
00000085   ADC12MCTL5
00000086   ADC12MCTL6
00000087   ADC12MCTL7
00000088   ADC12MCTL8
00000089   ADC12MCTL9
00000140   ADC12MEM0
00000142   ADC12MEM1
00000154   ADC12MEM10
00000156   ADC12MEM11
00000158   ADC12MEM12
0000015a   ADC12MEM13
0000015c   ADC12MEM14
0000015e   ADC12MEM15
00000144   ADC12MEM2
00000146   ADC12MEM3
00000148   ADC12MEM4
0000014a   ADC12MEM5
0000014c   ADC12MEM6
0000014e   ADC12MEM7
00000150   ADC12MEM8
00000152   ADC12MEM9
00000057   BCSCTL1
00000058   BCSCTL2
00000053   BCSCTL3
000013a8   Buff
000031ae   ButtonISR
00005e0c   C$$EXIT
00000059   CACTL1
0000005a   CACTL2
000010fb   CALBC1_12MHZ
000010f9   CALBC1_16MHZ
000010ff   CALBC1_1MHZ
000010fd   CALBC1_8MHZ
000010fa   CALDCO_12MHZ
000010f8   CALDCO_16MHZ
000010fe   CALDCO_1MHZ
000010fc   CALDCO_8MHZ
0000005b   CAPD
000001c0   DAC12_0CTL
000001c8   DAC12_0DAT
000001c2   DAC12_1CTL
000001ca   DAC12_1DAT
00000056   DCOCTL
000001d0   DMA0CTL
000001d6   DMA0DA
000001d6   DMA0DAL
000001d2   DMA0SA
000001d2   DMA0SAL
000001da   DMA0SZ
000001dc   DMA1CTL
000001e2   DMA1DA
000001e2   DMA1DAL
000001de   DMA1SA
000001de   DMA1SAL
000001e6   DMA1SZ
000001e8   DMA2CTL
000001ee   DMA2DA
000001ee   DMA2DAL
000001ea   DMA2SA
000001ea   DMA2SAL
000001f2   DMA2SZ
00000122   DMACTL0
00000124   DMACTL1
00000126   DMAIV
00001858   DUMMY_CHAR
00000128   FCTL1
0000012a   FCTL2
0000012c   FCTL3
000001be   FCTL4
00001428   Fatfs
00001188   Fil
00000000   IE1
00000001   IE2
00000002   IFG1
00000003   IFG2
00001182   KML_Footer
00001180   KML_Header
00005916   L_LSL_1
000058f2   L_LSL_10
000058ee   L_LSL_11
000058ea   L_LSL_12
000058e6   L_LSL_13
000058e2   L_LSL_14
000058de   L_LSL_15
00005912   L_LSL_2
0000590e   L_LSL_3
0000590a   L_LSL_4
00005906   L_LSL_5
00005902   L_LSL_6
000058fe   L_LSL_7
000058fa   L_LSL_8
000058f6   L_LSL_9
00005db2   L_LSR
00005954   L_LSR_1
00005930   L_LSR_10
0000592c   L_LSR_11
00005928   L_LSR_12
00005924   L_LSR_13
00005920   L_LSR_14
0000591c   L_LSR_15
00005950   L_LSR_2
0000594c   L_LSR_3
00005948   L_LSR_4
00005944   L_LSR_5
00005940   L_LSR_6
0000593c   L_LSR_7
00005938   L_LSR_8
00005934   L_LSR_9
00000134   MAC
00000136   MACS
00000130   MPY
00000132   MPYS
00000138   OP2
00000022   P1DIR
00000025   P1IE
00000024   P1IES
00000023   P1IFG
00000020   P1IN
00000021   P1OUT
00000027   P1REN
00000026   P1SEL
0000002a   P2DIR
0000002d   P2IE
0000002c   P2IES
0000002b   P2IFG
00000028   P2IN
00000029   P2OUT
0000002f   P2REN
0000002e   P2SEL
0000001a   P3DIR
00000018   P3IN
00000019   P3OUT
00000010   P3REN
0000001b   P3SEL
0000001e   P4DIR
0000001c   P4IN
0000001d   P4OUT
00000011   P4REN
0000001f   P4SEL
00000032   P5DIR
00000030   P5IN
00000031   P5OUT
00000012   P5REN
00000033   P5SEL
00000036   P6DIR
00000034   P6IN
00000035   P6OUT
00000013   P6REN
00000037   P6SEL
0000003c   P7DIR
00000038   P7IN
0000003a   P7OUT
00000014   P7REN
0000003e   P7SEL
0000003d   P8DIR
00000039   P8IN
0000003b   P8OUT
00000015   P8REN
0000003f   P8SEL
0000003c   PADIR
00000038   PAIN
0000003a   PAOUT
00000014   PAREN
0000003e   PASEL
0000013c   RESHI
0000013a   RESLO
0000013e   SUMEXT
00000055   SVSCTL
00000172   TACCR0
00000174   TACCR1
00000176   TACCR2
00000162   TACCTL0
00000164   TACCTL1
00000166   TACCTL2
00000160   TACTL
0000012e   TAIV
00000170   TAR
00000192   TBCCR0
00000194   TBCCR1
00000196   TBCCR2
00000198   TBCCR3
0000019a   TBCCR4
0000019c   TBCCR5
0000019e   TBCCR6
00000182   TBCCTL0
00000184   TBCCTL1
00000186   TBCCTL2
00000188   TBCCTL3
0000018a   TBCCTL4
0000018c   TBCCTL5
0000018e   TBCCTL6
00000180   TBCTL
0000011e   TBIV
00000190   TBR
000010db   TLV_ADC12_1_LEN
000010da   TLV_ADC12_1_TAG
000010c0   TLV_CHECKSUM
000010f7   TLV_DCO_30_LEN
000010f6   TLV_DCO_30_TAG
00000006   UC1IE
00000007   UC1IFG
0000005d   UCA0ABCTL
00000062   UCA0BR0
00000063   UCA0BR1
00000060   UCA0CTL0
00000061   UCA0CTL1
0000005f   UCA0IRRCTL
0000005e   UCA0IRTCTL
00000064   UCA0MCTL
00000066   UCA0RXBUF
00000065   UCA0STAT
00000067   UCA0TXBUF
000000cd   UCA1ABCTL
000000d2   UCA1BR0
000000d3   UCA1BR1
000000d0   UCA1CTL0
000000d1   UCA1CTL1
000000cf   UCA1IRRCTL
000000ce   UCA1IRTCTL
000000d4   UCA1MCTL
000000d6   UCA1RXBUF
000000d5   UCA1STAT
000000d7   UCA1TXBUF
0000006a   UCB0BR0
0000006b   UCB0BR1
00000068   UCB0CTL0
00000069   UCB0CTL1
0000006c   UCB0I2CIE
00000118   UCB0I2COA
0000011a   UCB0I2CSA
0000006e   UCB0RXBUF
0000006d   UCB0STAT
0000006f   UCB0TXBUF
000000da   UCB1BR0
000000db   UCB1BR1
000000d8   UCB1CTL0
000000d9   UCB1CTL1
000000dc   UCB1I2CIE
0000017c   UCB1I2COA
0000017e   UCB1I2CSA
000000de   UCB1RXBUF
000000dd   UCB1STAT
000000df   UCB1TXBUF
00000120   WDTCTL
00003100   __STACK_END
00000050   __STACK_SIZE
00000001   __TI_args_main
00000001   __TI_auto_init
00000001   __TI_exit
ffffffff   __binit__
00001100   __bss__
ffffffff   __c_args__
000031bc   __cinit__
00005cc4   __divu
0000554e   __divul
00001a14   __end__
ffffffff   __etext__
00004432   __fs_add
000050da   __fs_div
000059cc   __fs_itof
00004cea   __fs_mpy
0000442c   __fs_sub
00005cda   __mpyi_hw
00005a34   __mpyl_hw
ffffffff   __pinit__
00005cc4   __remu
0000554e   __remul
ffffffff   __text__
000057d4   _auto_init
00003184   _c_int00
00003184   _c_int00_noexit
00001a06   _cleanup_ptr
00001a0a   _dtors_ptr
000019fe   _lock
00005e18   _nop
00004b6c   _printfi_minimal
0000fffe   _reset_vector
000030b0   _stack
00005e08   _system_pre_init
00001a02   _unlock
00005e0c   abort
000019de   bUartRxValid
000019e4   bUartTxClear
ffffffff   binit
00001184   cardSize
000031bc   cinit
0000595a   clocks_setup
000058a0   clust2sect
00005cac   disk_initialize
00005e10   disk_ioctl
0000581a   disk_read
00005e14   disk_status
000056f4   disk_write
00001a14   end
ffffffff   etext
00005d1a   f_close
00005ac2   f_mount
00003954   f_open
00004a8e   f_sync
000036ca   f_write
000042fa   get_fat
00005650   get_fattime
00005ff6   gpsInitStrs
000051ec   gps_init
00001a12   gps_line_header
00005d2e   hw_setup
00005df0   led_setup
00001100   line
00003b6c   main
00005bc8   memccpy
00005d7c   memcpy
00005d56   memset
000054f6   mmcCheckBusy
00005bf0   mmcGetResponse
00005c3c   mmcGetXXResponse
0000543c   mmcGoIdle
00005c16   mmcInit
000052ec   mmcReadBlock
00005740   mmcSendCmd
0000578c   mmcSetBlockLength
0000526e   mmcWriteBlock
00001658   mmc_buffer
00003d30   parse_coord
00004da0   parse_date
000041c2   parse_line
00004e54   parse_time
ffffffff   pinit
00003ece   put_fat
00005c7a   record_button_init
00001656   result
00005de2   sd_hw_init
00005a64   sd_spi_init
00005b74   sd_spi_read
00005b1c   sd_spi_write
00005cf0   sd_spi_write_byte
00005b9e   spool_coords
00005994   sprintf
00005d8e   strlen
000018da   uartRxBuf
00003100   uartRxISR
000019da   uartRxNextIn
000019dc   uartRxNextOut
0000185a   uartTxBuf
0000314c   uartTxISR
000019e0   uartTxNextIn
000019e2   uartTxNextOut
00005dfa   uart_enable
000056a2   uart_init
00005e02   uart_is_tx_clear
000055a6   uart_read
000053d6   uart_send
00005da0   uart_send_available
00005368   update_fattime
00005a02   wait


GLOBAL SYMBOLS: SORTED BY Symbol Address 

address    name
--------   ----
00000000   IE1
00000001   IE2
00000001   __TI_args_main
00000001   __TI_auto_init
00000001   __TI_exit
00000002   IFG1
00000003   IFG2
00000006   UC1IE
00000007   UC1IFG
00000010   P3REN
00000011   P4REN
00000012   P5REN
00000013   P6REN
00000014   P7REN
00000014   PAREN
00000015   P8REN
00000018   P3IN
00000019   P3OUT
0000001a   P3DIR
0000001b   P3SEL
0000001c   P4IN
0000001d   P4OUT
0000001e   P4DIR
0000001f   P4SEL
00000020   P1IN
00000021   P1OUT
00000022   P1DIR
00000023   P1IFG
00000024   P1IES
00000025   P1IE
00000026   P1SEL
00000027   P1REN
00000028   P2IN
00000029   P2OUT
0000002a   P2DIR
0000002b   P2IFG
0000002c   P2IES
0000002d   P2IE
0000002e   P2SEL
0000002f   P2REN
00000030   P5IN
00000031   P5OUT
00000032   P5DIR
00000033   P5SEL
00000034   P6IN
00000035   P6OUT
00000036   P6DIR
00000037   P6SEL
00000038   P7IN
00000038   PAIN
00000039   P8IN
0000003a   P7OUT
0000003a   PAOUT
0000003b   P8OUT
0000003c   P7DIR
0000003c   PADIR
0000003d   P8DIR
0000003e   P7SEL
0000003e   PASEL
0000003f   P8SEL
00000050   __STACK_SIZE
00000053   BCSCTL3
00000055   SVSCTL
00000056   DCOCTL
00000057   BCSCTL1
00000058   BCSCTL2
00000059   CACTL1
0000005a   CACTL2
0000005b   CAPD
0000005d   UCA0ABCTL
0000005e   UCA0IRTCTL
0000005f   UCA0IRRCTL
00000060   UCA0CTL0
00000061   UCA0CTL1
00000062   UCA0BR0
00000063   UCA0BR1
00000064   UCA0MCTL
00000065   UCA0STAT
00000066   UCA0RXBUF
00000067   UCA0TXBUF
00000068   UCB0CTL0
00000069   UCB0CTL1
0000006a   UCB0BR0
0000006b   UCB0BR1
0000006c   UCB0I2CIE
0000006d   UCB0STAT
0000006e   UCB0RXBUF
0000006f   UCB0TXBUF
00000080   ADC12MCTL0
00000081   ADC12MCTL1
00000082   ADC12MCTL2
00000083   ADC12MCTL3
00000084   ADC12MCTL4
00000085   ADC12MCTL5
00000086   ADC12MCTL6
00000087   ADC12MCTL7
00000088   ADC12MCTL8
00000089   ADC12MCTL9
0000008a   ADC12MCTL10
0000008b   ADC12MCTL11
0000008c   ADC12MCTL12
0000008d   ADC12MCTL13
0000008e   ADC12MCTL14
0000008f   ADC12MCTL15
000000cd   UCA1ABCTL
000000ce   UCA1IRTCTL
000000cf   UCA1IRRCTL
000000d0   UCA1CTL0
000000d1   UCA1CTL1
000000d2   UCA1BR0
000000d3   UCA1BR1
000000d4   UCA1MCTL
000000d5   UCA1STAT
000000d6   UCA1RXBUF
000000d7   UCA1TXBUF
000000d8   UCB1CTL0
000000d9   UCB1CTL1
000000da   UCB1BR0
000000db   UCB1BR1
000000dc   UCB1I2CIE
000000dd   UCB1STAT
000000de   UCB1RXBUF
000000df   UCB1TXBUF
00000118   UCB0I2COA
0000011a   UCB0I2CSA
0000011e   TBIV
00000120   WDTCTL
00000122   DMACTL0
00000124   DMACTL1
00000126   DMAIV
00000128   FCTL1
0000012a   FCTL2
0000012c   FCTL3
0000012e   TAIV
00000130   MPY
00000132   MPYS
00000134   MAC
00000136   MACS
00000138   OP2
0000013a   RESLO
0000013c   RESHI
0000013e   SUMEXT
00000140   ADC12MEM0
00000142   ADC12MEM1
00000144   ADC12MEM2
00000146   ADC12MEM3
00000148   ADC12MEM4
0000014a   ADC12MEM5
0000014c   ADC12MEM6
0000014e   ADC12MEM7
00000150   ADC12MEM8
00000152   ADC12MEM9
00000154   ADC12MEM10
00000156   ADC12MEM11
00000158   ADC12MEM12
0000015a   ADC12MEM13
0000015c   ADC12MEM14
0000015e   ADC12MEM15
00000160   TACTL
00000162   TACCTL0
00000164   TACCTL1
00000166   TACCTL2
00000170   TAR
00000172   TACCR0
00000174   TACCR1
00000176   TACCR2
0000017c   UCB1I2COA
0000017e   UCB1I2CSA
00000180   TBCTL
00000182   TBCCTL0
00000184   TBCCTL1
00000186   TBCCTL2
00000188   TBCCTL3
0000018a   TBCCTL4
0000018c   TBCCTL5
0000018e   TBCCTL6
00000190   TBR
00000192   TBCCR0
00000194   TBCCR1
00000196   TBCCR2
00000198   TBCCR3
0000019a   TBCCR4
0000019c   TBCCR5
0000019e   TBCCR6
000001a0   ADC12CTL0
000001a2   ADC12CTL1
000001a4   ADC12IFG
000001a6   ADC12IE
000001a8   ADC12IV
000001be   FCTL4
000001c0   DAC12_0CTL
000001c2   DAC12_1CTL
000001c8   DAC12_0DAT
000001ca   DAC12_1DAT
000001d0   DMA0CTL
000001d2   DMA0SA
000001d2   DMA0SAL
000001d6   DMA0DA
000001d6   DMA0DAL
000001da   DMA0SZ
000001dc   DMA1CTL
000001de   DMA1SA
000001de   DMA1SAL
000001e2   DMA1DA
000001e2   DMA1DAL
000001e6   DMA1SZ
000001e8   DMA2CTL
000001ea   DMA2SA
000001ea   DMA2SAL
000001ee   DMA2DA
000001ee   DMA2DAL
000001f2   DMA2SZ
000010c0   TLV_CHECKSUM
000010da   TLV_ADC12_1_TAG
000010db   TLV_ADC12_1_LEN
000010f6   TLV_DCO_30_TAG
000010f7   TLV_DCO_30_LEN
000010f8   CALDCO_16MHZ
000010f9   CALBC1_16MHZ
000010fa   CALDCO_12MHZ
000010fb   CALBC1_12MHZ
000010fc   CALDCO_8MHZ
000010fd   CALBC1_8MHZ
000010fe   CALDCO_1MHZ
000010ff   CALBC1_1MHZ
00001100   .bss
00001100   __bss__
00001100   line
00001180   KML_Header
00001182   KML_Footer
00001184   cardSize
00001188   Fil
000013a8   Buff
00001428   Fatfs
00001656   result
00001658   mmc_buffer
00001858   DUMMY_CHAR
0000185a   uartTxBuf
000018da   uartRxBuf
000019da   uartRxNextIn
000019dc   uartRxNextOut
000019de   bUartRxValid
000019e0   uartTxNextIn
000019e2   uartTxNextOut
000019e4   bUartTxClear
000019fe   _lock
00001a02   _unlock
00001a06   _cleanup_ptr
00001a0a   _dtors_ptr
00001a12   gps_line_header
00001a14   __end__
00001a14   end
000030b0   _stack
00003100   __STACK_END
00003100   uartRxISR
0000314c   uartTxISR
00003184   _c_int00
00003184   _c_int00_noexit
000031ae   ButtonISR
000031bc   __cinit__
000031bc   cinit
000036ca   f_write
00003954   f_open
00003b6c   main
00003d30   parse_coord
00003ece   put_fat
000041c2   parse_line
000042fa   get_fat
0000442c   __fs_sub
00004432   __fs_add
00004a8e   f_sync
00004b6c   _printfi_minimal
00004cea   __fs_mpy
00004da0   parse_date
00004e54   parse_time
000050da   __fs_div
000051ec   gps_init
0000526e   mmcWriteBlock
000052ec   mmcReadBlock
00005368   update_fattime
000053d6   uart_send
0000543c   mmcGoIdle
000054f6   mmcCheckBusy
0000554e   __divul
0000554e   __remul
000055a6   uart_read
00005650   get_fattime
000056a2   uart_init
000056f4   disk_write
00005740   mmcSendCmd
0000578c   mmcSetBlockLength
000057d4   _auto_init
0000581a   disk_read
000058a0   clust2sect
000058de   L_LSL_15
000058e2   L_LSL_14
000058e6   L_LSL_13
000058ea   L_LSL_12
000058ee   L_LSL_11
000058f2   L_LSL_10
000058f6   L_LSL_9
000058fa   L_LSL_8
000058fe   L_LSL_7
00005902   L_LSL_6
00005906   L_LSL_5
0000590a   L_LSL_4
0000590e   L_LSL_3
00005912   L_LSL_2
00005916   L_LSL_1
0000591c   L_LSR_15
00005920   L_LSR_14
00005924   L_LSR_13
00005928   L_LSR_12
0000592c   L_LSR_11
00005930   L_LSR_10
00005934   L_LSR_9
00005938   L_LSR_8
0000593c   L_LSR_7
00005940   L_LSR_6
00005944   L_LSR_5
00005948   L_LSR_4
0000594c   L_LSR_3
00005950   L_LSR_2
00005954   L_LSR_1
0000595a   clocks_setup
00005994   sprintf
000059cc   __fs_itof
00005a02   wait
00005a34   __mpyl_hw
00005a64   sd_spi_init
00005ac2   f_mount
00005b1c   sd_spi_write
00005b74   sd_spi_read
00005b9e   spool_coords
00005bc8   memccpy
00005bf0   mmcGetResponse
00005c16   mmcInit
00005c3c   mmcGetXXResponse
00005c7a   record_button_init
00005cac   disk_initialize
00005cc4   __divu
00005cc4   __remu
00005cda   __mpyi_hw
00005cf0   sd_spi_write_byte
00005d1a   f_close
00005d2e   hw_setup
00005d56   memset
00005d7c   memcpy
00005d8e   strlen
00005da0   uart_send_available
00005db2   L_LSR
00005de2   sd_hw_init
00005df0   led_setup
00005dfa   uart_enable
00005e02   uart_is_tx_clear
00005e08   _system_pre_init
00005e0c   C$$EXIT
00005e0c   abort
00005e10   disk_ioctl
00005e14   disk_status
00005e18   _nop
00005ff6   gpsInitStrs
0000fffe   _reset_vector
ffffffff   .text
ffffffff   __binit__
ffffffff   __c_args__
ffffffff   __etext__
ffffffff   __pinit__
ffffffff   __text__
ffffffff   binit
ffffffff   etext
ffffffff   pinit

[372 symbols]
